utt1 one two three four five six seven eight
hello
one
what book
